2022-02-18T11:30:49|INFO|ThorCamCaptureMeasure|thor_cam_capture start_stop False
2022-02-18T11:30:49|INFO|ThorCamCaptureMeasure|measurement thor_cam_capture interrupt
2022-02-18T11:30:49|INFO|ThorCamTestApp|setting up figures for thor_cam_capture measurement thor_cam_capture
2022-02-18T11:30:56|CRITICAL|root|Unhandled exception:Traceback (most recent call last):
  File "C:\Users\ZHao\.conda\envs\scopefoundry\lib\site-packages\ScopeFoundry\hardware.py", line 204, in enable_connection
    self.connect()
  File "C:\Users\Public\quantum_sensing\quantum_sensing\fancy_microscope\thorcam_hw.py", line 20, in connect
    self.cam.connect()
  File "C:\Users\Public\quantum_sensing\quantum_sensing\fancy_microscope\uc480\__init__.py", line 212, in connect
    self.call("is_InitCamera", ptr(self._camID), None)
  File "C:\Users\Public\quantum_sensing\quantum_sensing\fancy_microscope\uc480\__init__.py", line 116, in call
    assrt(func(*args), function)
  File "C:\Users\Public\quantum_sensing\quantum_sensing\fancy_microscope\uc480\__init__.py", line 66, in assrt
    raise uc480Error(retVal, "Error: uc480 function call failed! Error code = " + str(retVal), fname)
uc480.uc480Error: Error: uc480 function call failed! Error code = 3 in function is_InitCamera

During handling of the above exception, another exception occurred:

Traceback (most recent call last):
  File "C:\Users\ZHao\.conda\envs\scopefoundry\lib\site-packages\ScopeFoundry\hardware.py", line 219, in enable_connection
    raise err
  File "C:\Users\ZHao\.conda\envs\scopefoundry\lib\site-packages\ScopeFoundry\hardware.py", line 212, in enable_connection
    self.disconnect()
  File "C:\Users\Public\quantum_sensing\quantum_sensing\fancy_microscope\thorcam_hw.py", line 49, in disconnect
    self.cam.disconnect()
  File "C:\Users\Public\quantum_sensing\quantum_sensing\fancy_microscope\uc480\__init__.py", line 255, in disconnect
    self.call("is_ExitCamera", self._camID)
  File "C:\Users\Public\quantum_sensing\quantum_sensing\fancy_microscope\uc480\__init__.py", line 116, in call
    assrt(func(*args), function)
  File "C:\Users\Public\quantum_sensing\quantum_sensing\fancy_microscope\uc480\__init__.py", line 66, in assrt
    raise uc480Error(retVal, "Error: uc480 function call failed! Error code = " + str(retVal), fname)
uc480.uc480Error: Error: uc480 function call failed! Error code = 1 in function is_ExitCamera

2022-02-18T11:30:56|CRITICAL|root|Unhandled exception:Traceback (most recent call last):
  File "C:\Users\ZHao\.conda\envs\scopefoundry\lib\site-packages\ScopeFoundry\hardware.py", line 208, in enable_connection
    raise err
  File "C:\Users\ZHao\.conda\envs\scopefoundry\lib\site-packages\ScopeFoundry\hardware.py", line 204, in enable_connection
    self.connect()
  File "C:\Users\Public\quantum_sensing\quantum_sensing\fancy_microscope\thorcam_hw.py", line 20, in connect
    self.cam.connect()
  File "C:\Users\Public\quantum_sensing\quantum_sensing\fancy_microscope\uc480\__init__.py", line 212, in connect
    self.call("is_InitCamera", ptr(self._camID), None)
  File "C:\Users\Public\quantum_sensing\quantum_sensing\fancy_microscope\uc480\__init__.py", line 116, in call
    assrt(func(*args), function)
  File "C:\Users\Public\quantum_sensing\quantum_sensing\fancy_microscope\uc480\__init__.py", line 66, in assrt
    raise uc480Error(retVal, "Error: uc480 function call failed! Error code = " + str(retVal), fname)
uc480.uc480Error: Error: uc480 function call failed! Error code = 3 in function is_InitCamera

2022-02-18T11:30:57|CRITICAL|root|Unhandled exception:Traceback (most recent call last):
  File "C:\Users\ZHao\.conda\envs\scopefoundry\lib\site-packages\ScopeFoundry\hardware.py", line 204, in enable_connection
    self.connect()
  File "C:\Users\Public\quantum_sensing\quantum_sensing\fancy_microscope\thorcam_hw.py", line 20, in connect
    self.cam.connect()
  File "C:\Users\Public\quantum_sensing\quantum_sensing\fancy_microscope\uc480\__init__.py", line 212, in connect
    self.call("is_InitCamera", ptr(self._camID), None)
  File "C:\Users\Public\quantum_sensing\quantum_sensing\fancy_microscope\uc480\__init__.py", line 116, in call
    assrt(func(*args), function)
  File "C:\Users\Public\quantum_sensing\quantum_sensing\fancy_microscope\uc480\__init__.py", line 66, in assrt
    raise uc480Error(retVal, "Error: uc480 function call failed! Error code = " + str(retVal), fname)
uc480.uc480Error: Error: uc480 function call failed! Error code = 3 in function is_InitCamera

During handling of the above exception, another exception occurred:

Traceback (most recent call last):
  File "C:\Users\ZHao\.conda\envs\scopefoundry\lib\site-packages\ScopeFoundry\hardware.py", line 219, in enable_connection
    raise err
  File "C:\Users\ZHao\.conda\envs\scopefoundry\lib\site-packages\ScopeFoundry\hardware.py", line 212, in enable_connection
    self.disconnect()
  File "C:\Users\Public\quantum_sensing\quantum_sensing\fancy_microscope\thorcam_hw.py", line 49, in disconnect
    self.cam.disconnect()
  File "C:\Users\Public\quantum_sensing\quantum_sensing\fancy_microscope\uc480\__init__.py", line 255, in disconnect
    self.call("is_ExitCamera", self._camID)
  File "C:\Users\Public\quantum_sensing\quantum_sensing\fancy_microscope\uc480\__init__.py", line 116, in call
    assrt(func(*args), function)
  File "C:\Users\Public\quantum_sensing\quantum_sensing\fancy_microscope\uc480\__init__.py", line 66, in assrt
    raise uc480Error(retVal, "Error: uc480 function call failed! Error code = " + str(retVal), fname)
uc480.uc480Error: Error: uc480 function call failed! Error code = 1 in function is_ExitCamera

2022-02-18T11:30:57|CRITICAL|root|Unhandled exception:Traceback (most recent call last):
  File "C:\Users\ZHao\.conda\envs\scopefoundry\lib\site-packages\ScopeFoundry\hardware.py", line 208, in enable_connection
    raise err
  File "C:\Users\ZHao\.conda\envs\scopefoundry\lib\site-packages\ScopeFoundry\hardware.py", line 204, in enable_connection
    self.connect()
  File "C:\Users\Public\quantum_sensing\quantum_sensing\fancy_microscope\thorcam_hw.py", line 20, in connect
    self.cam.connect()
  File "C:\Users\Public\quantum_sensing\quantum_sensing\fancy_microscope\uc480\__init__.py", line 212, in connect
    self.call("is_InitCamera", ptr(self._camID), None)
  File "C:\Users\Public\quantum_sensing\quantum_sensing\fancy_microscope\uc480\__init__.py", line 116, in call
    assrt(func(*args), function)
  File "C:\Users\Public\quantum_sensing\quantum_sensing\fancy_microscope\uc480\__init__.py", line 66, in assrt
    raise uc480Error(retVal, "Error: uc480 function call failed! Error code = " + str(retVal), fname)
uc480.uc480Error: Error: uc480 function call failed! Error code = 3 in function is_InitCamera

2022-02-18T11:31:00|INFO|ThorCamCaptureMeasure|thor_cam_capture start_stop True
2022-02-18T11:31:00|INFO|ThorCamCaptureMeasure|measurement thor_cam_capture start
2022-02-18T11:31:00|CRITICAL|root|Unhandled exception:Traceback (most recent call last):
  File "C:\Users\ZHao\.conda\envs\scopefoundry\lib\site-packages\ScopeFoundry\measurement.py", line 25, in run
    self.measurement._thread_run()
  File "C:\Users\ZHao\.conda\envs\scopefoundry\lib\site-packages\ScopeFoundry\measurement.py", line 179, in _thread_run
    self.run()
  File "C:\Users\Public\quantum_sensing\quantum_sensing\fancy_microscope\thorcam_capture.py", line 77, in run
    bgraimg = self.cam_hw.cam.acquire() # self.img is in BGRA order
  File "C:\Users\Public\quantum_sensing\quantum_sensing\fancy_microscope\uc480\__init__.py", line 420, in acquire
    self.create_buffer()
  File "C:\Users\Public\quantum_sensing\quantum_sensing\fancy_microscope\uc480\__init__.py", line 386, in create_buffer
    self.call("is_AllocImageMem", self._camID, self._swidth, self._sheight, self._bitsperpixel, ptr(self._image), ptr(self._imgID))
AttributeError: 'uc480' object has no attribute '_bitsperpixel'

2022-02-18T11:31:00|INFO|ThorCamCaptureMeasure|thor_cam_capture start_stop False
2022-02-18T11:31:00|INFO|ThorCamCaptureMeasure|measurement thor_cam_capture interrupt
2022-02-18T11:31:01|INFO|ThorCamCaptureMeasure|thor_cam_capture start_stop True
2022-02-18T11:31:01|INFO|ThorCamCaptureMeasure|measurement thor_cam_capture start
2022-02-18T11:31:01|CRITICAL|root|Unhandled exception:Traceback (most recent call last):
  File "C:\Users\ZHao\.conda\envs\scopefoundry\lib\site-packages\ScopeFoundry\measurement.py", line 25, in run
    self.measurement._thread_run()
  File "C:\Users\ZHao\.conda\envs\scopefoundry\lib\site-packages\ScopeFoundry\measurement.py", line 179, in _thread_run
    self.run()
  File "C:\Users\Public\quantum_sensing\quantum_sensing\fancy_microscope\thorcam_capture.py", line 77, in run
    bgraimg = self.cam_hw.cam.acquire() # self.img is in BGRA order
  File "C:\Users\Public\quantum_sensing\quantum_sensing\fancy_microscope\uc480\__init__.py", line 420, in acquire
    self.create_buffer()
  File "C:\Users\Public\quantum_sensing\quantum_sensing\fancy_microscope\uc480\__init__.py", line 386, in create_buffer
    self.call("is_AllocImageMem", self._camID, self._swidth, self._sheight, self._bitsperpixel, ptr(self._image), ptr(self._imgID))
AttributeError: 'uc480' object has no attribute '_bitsperpixel'

2022-02-18T11:31:01|INFO|ThorCamCaptureMeasure|thor_cam_capture start_stop False
2022-02-18T11:31:01|INFO|ThorCamCaptureMeasure|measurement thor_cam_capture interrupt
2022-02-18T11:31:01|INFO|ThorCamCaptureMeasure|thor_cam_capture start_stop True
2022-02-18T11:31:01|INFO|ThorCamCaptureMeasure|measurement thor_cam_capture start
2022-02-18T11:31:01|CRITICAL|root|Unhandled exception:Traceback (most recent call last):
  File "C:\Users\ZHao\.conda\envs\scopefoundry\lib\site-packages\ScopeFoundry\measurement.py", line 25, in run
    self.measurement._thread_run()
  File "C:\Users\ZHao\.conda\envs\scopefoundry\lib\site-packages\ScopeFoundry\measurement.py", line 179, in _thread_run
    self.run()
  File "C:\Users\Public\quantum_sensing\quantum_sensing\fancy_microscope\thorcam_capture.py", line 77, in run
    bgraimg = self.cam_hw.cam.acquire() # self.img is in BGRA order
  File "C:\Users\Public\quantum_sensing\quantum_sensing\fancy_microscope\uc480\__init__.py", line 420, in acquire
    self.create_buffer()
  File "C:\Users\Public\quantum_sensing\quantum_sensing\fancy_microscope\uc480\__init__.py", line 386, in create_buffer
    self.call("is_AllocImageMem", self._camID, self._swidth, self._sheight, self._bitsperpixel, ptr(self._image), ptr(self._imgID))
AttributeError: 'uc480' object has no attribute '_bitsperpixel'

2022-02-18T11:31:01|INFO|ThorCamCaptureMeasure|thor_cam_capture start_stop False
2022-02-18T11:31:01|INFO|ThorCamCaptureMeasure|measurement thor_cam_capture interrupt
2022-02-18T11:31:01|INFO|ThorCamCaptureMeasure|thor_cam_capture start_stop True
2022-02-18T11:31:01|INFO|ThorCamCaptureMeasure|measurement thor_cam_capture start
2022-02-18T11:31:01|CRITICAL|root|Unhandled exception:Traceback (most recent call last):
  File "C:\Users\ZHao\.conda\envs\scopefoundry\lib\site-packages\ScopeFoundry\measurement.py", line 25, in run
    self.measurement._thread_run()
  File "C:\Users\ZHao\.conda\envs\scopefoundry\lib\site-packages\ScopeFoundry\measurement.py", line 179, in _thread_run
    self.run()
  File "C:\Users\Public\quantum_sensing\quantum_sensing\fancy_microscope\thorcam_capture.py", line 77, in run
    bgraimg = self.cam_hw.cam.acquire() # self.img is in BGRA order
  File "C:\Users\Public\quantum_sensing\quantum_sensing\fancy_microscope\uc480\__init__.py", line 420, in acquire
    self.create_buffer()
  File "C:\Users\Public\quantum_sensing\quantum_sensing\fancy_microscope\uc480\__init__.py", line 386, in create_buffer
    self.call("is_AllocImageMem", self._camID, self._swidth, self._sheight, self._bitsperpixel, ptr(self._image), ptr(self._imgID))
AttributeError: 'uc480' object has no attribute '_bitsperpixel'

2022-02-18T11:31:01|INFO|ThorCamCaptureMeasure|thor_cam_capture start_stop False
2022-02-18T11:31:01|INFO|ThorCamCaptureMeasure|measurement thor_cam_capture interrupt
2022-02-18T11:31:12|INFO|ThorCamCaptureMeasure|thor_cam_capture start_stop True
2022-02-18T11:31:12|INFO|ThorCamCaptureMeasure|measurement thor_cam_capture start
2022-02-18T11:31:12|CRITICAL|root|Unhandled exception:Traceback (most recent call last):
  File "C:\Users\ZHao\.conda\envs\scopefoundry\lib\site-packages\ScopeFoundry\measurement.py", line 25, in run
    self.measurement._thread_run()
  File "C:\Users\ZHao\.conda\envs\scopefoundry\lib\site-packages\ScopeFoundry\measurement.py", line 179, in _thread_run
    self.run()
  File "C:\Users\Public\quantum_sensing\quantum_sensing\fancy_microscope\thorcam_capture.py", line 77, in run
    bgraimg = self.cam_hw.cam.acquire() # self.img is in BGRA order
  File "C:\Users\Public\quantum_sensing\quantum_sensing\fancy_microscope\uc480\__init__.py", line 420, in acquire
    self.create_buffer()
  File "C:\Users\Public\quantum_sensing\quantum_sensing\fancy_microscope\uc480\__init__.py", line 386, in create_buffer
    self.call("is_AllocImageMem", self._camID, self._swidth, self._sheight, self._bitsperpixel, ptr(self._image), ptr(self._imgID))
AttributeError: 'uc480' object has no attribute '_bitsperpixel'

2022-02-18T11:31:12|INFO|ThorCamCaptureMeasure|thor_cam_capture start_stop False
2022-02-18T11:31:12|INFO|ThorCamCaptureMeasure|measurement thor_cam_capture interrupt
2022-02-18T11:31:13|INFO|ThorCamCaptureMeasure|thor_cam_capture start_stop True
2022-02-18T11:31:13|INFO|ThorCamCaptureMeasure|measurement thor_cam_capture start
2022-02-18T11:31:13|INFO|ThorCamCaptureMeasure|thor_cam_capture start_stop False
2022-02-18T11:31:13|INFO|ThorCamCaptureMeasure|measurement thor_cam_capture interrupt
2022-02-18T11:31:13|CRITICAL|root|Unhandled exception:Traceback (most recent call last):
  File "C:\Users\ZHao\.conda\envs\scopefoundry\lib\site-packages\ScopeFoundry\measurement.py", line 25, in run
    self.measurement._thread_run()
  File "C:\Users\ZHao\.conda\envs\scopefoundry\lib\site-packages\ScopeFoundry\measurement.py", line 179, in _thread_run
    self.run()
  File "C:\Users\Public\quantum_sensing\quantum_sensing\fancy_microscope\thorcam_capture.py", line 77, in run
    bgraimg = self.cam_hw.cam.acquire() # self.img is in BGRA order
  File "C:\Users\Public\quantum_sensing\quantum_sensing\fancy_microscope\uc480\__init__.py", line 420, in acquire
    self.create_buffer()
  File "C:\Users\Public\quantum_sensing\quantum_sensing\fancy_microscope\uc480\__init__.py", line 386, in create_buffer
    self.call("is_AllocImageMem", self._camID, self._swidth, self._sheight, self._bitsperpixel, ptr(self._image), ptr(self._imgID))
AttributeError: 'uc480' object has no attribute '_bitsperpixel'

2022-02-18T11:31:43|INFO|ThorCamTestApp|on_close
2022-02-18T11:31:43|INFO|ThorCamTestApp|disconnecting thor_cam
